Success. Node storage in mgmt: 10.0.0.41.
IP address of this node's interface in management network: 10.0.0.41.
Installing Swift and other packages required for Object Storage..
Last metadata expiration check: 0:05:25 ago on Tue 08 Mar 2022 10:55:10 AM EST.
Package xfsprogs-5.0.0-10.el8.x86_64 is already installed.
Package rsync-3.1.3-14.el8.x86_64 is already installed.
Package rsync-daemon-3.1.3-14.el8.noarch is already installed.
Package openssh-clients-8.0p1-12.el8.x86_64 is already installed.
Dependencies resolved.
================================================================================
 Package                     Arch     Version         Repository           Size
================================================================================
Installing:
 openstack-swift-account     noarch   2.27.0-1.el8    openstack-wallaby    24 k
 openstack-swift-container   noarch   2.27.0-1.el8    openstack-wallaby    28 k
 openstack-swift-object      noarch   2.27.0-1.el8    openstack-wallaby    29 k
Installing dependencies:
 liberasurecode              x86_64   1.6.0-4.el8     openstack-wallaby    59 k
 python3-pyeclib             x86_64   1.6.0-2.el8     openstack-wallaby    54 k
 python3-pyxattr             x86_64   0.5.3-18.el8    powertools           36 k
 python3-swift               noarch   2.27.0-1.el8    openstack-wallaby   1.6 M

Transaction Summary
================================================================================
Install  7 Packages

Total download size: 1.8 M
Installed size: 6.6 M
Downloading Packages:
(1/7): python3-pyxattr-0.5.3-18.el8.x86_64.rpm  244 kB/s |  36 kB     00:00    
(2/7): openstack-swift-account-2.27.0-1.el8.noa 139 kB/s |  24 kB     00:00    
(3/7): openstack-swift-container-2.27.0-1.el8.n 694 kB/s |  28 kB     00:00    
(4/7): liberasurecode-1.6.0-4.el8.x86_64.rpm    294 kB/s |  59 kB     00:00    
(5/7): openstack-swift-object-2.27.0-1.el8.noar 408 kB/s |  29 kB     00:00    
(6/7): python3-pyeclib-1.6.0-2.el8.x86_64.rpm   603 kB/s |  54 kB     00:00    
(7/7): python3-swift-2.27.0-1.el8.noarch.rpm    5.9 MB/s | 1.6 MB     00:00    
--------------------------------------------------------------------------------
Total                                           920 kB/s | 1.8 MB     00:01     
Running transaction check
Transaction check succeeded.
Running transaction test
Transaction test succeeded.
Running transaction
  Preparing        :                                                        1/1 
  Installing       : liberasurecode-1.6.0-4.el8.x86_64                      1/7 
  Running scriptlet: liberasurecode-1.6.0-4.el8.x86_64                      1/7 
  Installing       : python3-pyeclib-1.6.0-2.el8.x86_64                     2/7 
  Installing       : python3-pyxattr-0.5.3-18.el8.x86_64                    3/7 
  Running scriptlet: python3-swift-2.27.0-1.el8.noarch                      4/7 
  Installing       : python3-swift-2.27.0-1.el8.noarch                      4/7 
  Running scriptlet: python3-swift-2.27.0-1.el8.noarch                      4/7 
  Installing       : openstack-swift-account-2.27.0-1.el8.noarch            5/7 
  Running scriptlet: openstack-swift-account-2.27.0-1.el8.noarch            5/7 
  Installing       : openstack-swift-container-2.27.0-1.el8.noarch          6/7 
  Running scriptlet: openstack-swift-container-2.27.0-1.el8.noarch          6/7 
  Installing       : openstack-swift-object-2.27.0-1.el8.noarch             7/7 
  Running scriptlet: openstack-swift-object-2.27.0-1.el8.noarch             7/7 
  Verifying        : python3-pyxattr-0.5.3-18.el8.x86_64                    1/7 
  Verifying        : liberasurecode-1.6.0-4.el8.x86_64                      2/7 
  Verifying        : openstack-swift-account-2.27.0-1.el8.noarch            3/7 
  Verifying        : openstack-swift-container-2.27.0-1.el8.noarch          4/7 
  Verifying        : openstack-swift-object-2.27.0-1.el8.noarch             5/7 
  Verifying        : python3-pyeclib-1.6.0-2.el8.x86_64                     6/7 
  Verifying        : python3-swift-2.27.0-1.el8.noarch                      7/7 

Installed:
  liberasurecode-1.6.0-4.el8.x86_64                                             
  openstack-swift-account-2.27.0-1.el8.noarch                                   
  openstack-swift-container-2.27.0-1.el8.noarch                                 
  openstack-swift-object-2.27.0-1.el8.noarch                                    
  python3-pyeclib-1.6.0-2.el8.x86_64                                            
  python3-pyxattr-0.5.3-18.el8.x86_64                                           
  python3-swift-2.27.0-1.el8.noarch                                             

Complete!
Configuring Disks for swift Object Storage.
meta-data=/dev/sdb               isize=512    agcount=4, agsize=524288 blks
         =                       sectsz=512   attr=2, projid32bit=1
         =                       crc=1        finobt=1, sparse=1, rmapbt=0
         =                       reflink=1    bigtime=0 inobtcount=0
data     =                       bsize=4096   blocks=2097152, imaxpct=25
         =                       sunit=0      swidth=0 blks
naming   =version 2              bsize=4096   ascii-ci=0, ftype=1
log      =internal log           bsize=4096   blocks=2560, version=2
         =                       sectsz=512   sunit=0 blks, lazy-count=1
realtime =none                   extsz=4096   blocks=0, rtextents=0
meta-data=/dev/sdc               isize=512    agcount=4, agsize=524288 blks
         =                       sectsz=512   attr=2, projid32bit=1
         =                       crc=1        finobt=1, sparse=1, rmapbt=0
         =                       reflink=1    bigtime=0 inobtcount=0
data     =                       bsize=4096   blocks=2097152, imaxpct=25
         =                       sunit=0      swidth=0 blks
naming   =version 2              bsize=4096   ascii-ci=0, ftype=1
log      =internal log           bsize=4096   blocks=2560, version=2
         =                       sectsz=512   sunit=0 blks, lazy-count=1
realtime =none                   extsz=4096   blocks=0, rtextents=0
Making Entries into /ets/fstab to make the devices available on reboot
/dev/sdb /srv/node/sdb xfs noatime 0 2
/dev/sdc /srv/node/sdc xfs noatime 0 2
'/etc/rsyncd.conf' -> '/tmp/026_etc_rsyncd.conf.iniset'
'/etc/rsyncd.conf' -> '/tmp/027_etc_rsyncd.conf.iniset'
'/etc/rsyncd.conf' -> '/tmp/028_etc_rsyncd.conf.iniset'
sed: -e expression #1, char 5: unterminated address regex
