Success. Node compute in mgmt: 10.0.0.31.
IP address of this node's interface in management network: 10.0.0.31.
Installing Swift and other packages required for Object Storage..
Last metadata expiration check: 1:02:38 ago on Tue 29 Dec 2020 03:37:17 AM EST.
Package xfsprogs-5.0.0-4.el8.x86_64 is already installed.
Package rsync-3.1.3-9.el8.x86_64 is already installed.
Package openssh-clients-8.0p1-5.el8.x86_64 is already installed.
Dependencies resolved.
================================================================================
 Package                     Arch     Version        Repository            Size
================================================================================
Installing:
 openstack-swift-account     noarch   2.26.0-2.el8   openstack-victoria    24 k
 openstack-swift-container   noarch   2.26.0-2.el8   openstack-victoria    28 k
 openstack-swift-object      noarch   2.26.0-2.el8   openstack-victoria    30 k
Installing dependencies:
 liberasurecode              x86_64   1.6.0-4.el8    openstack-victoria    59 k
 python3-pyeclib             x86_64   1.6.0-2.el8    openstack-victoria    54 k
 python3-pyxattr             x86_64   0.5.3-18.el8   PowerTools            36 k
 python3-swift               noarch   2.26.0-2.el8   openstack-victoria   1.5 M

Transaction Summary
================================================================================
Install  7 Packages

Total download size: 1.8 M
Installed size: 6.4 M
Downloading Packages:
(1/7): python3-pyxattr-0.5.3-18.el8.x86_64.rpm  120 kB/s |  36 kB     00:00    
(2/7): openstack-swift-container-2.26.0-2.el8.n 344 kB/s |  28 kB     00:00    
(3/7): openstack-swift-account-2.26.0-2.el8.noa  66 kB/s |  24 kB     00:00    
(4/7): openstack-swift-object-2.26.0-2.el8.noar 419 kB/s |  30 kB     00:00    
(5/7): liberasurecode-1.6.0-4.el8.x86_64.rpm    130 kB/s |  59 kB     00:00    
(6/7): python3-pyeclib-1.6.0-2.el8.x86_64.rpm   268 kB/s |  54 kB     00:00    
(7/7): python3-swift-2.26.0-2.el8.noarch.rpm    4.3 MB/s | 1.5 MB     00:00    
--------------------------------------------------------------------------------
Total                                           1.1 MB/s | 1.8 MB     00:01     
Running transaction check
Transaction check succeeded.
Running transaction test
Transaction test succeeded.
Running transaction
  Preparing        :                                                        1/1 
  Installing       : liberasurecode-1.6.0-4.el8.x86_64                      1/7 
  Running scriptlet: liberasurecode-1.6.0-4.el8.x86_64                      1/7 
  Installing       : python3-pyeclib-1.6.0-2.el8.x86_64                     2/7 
  Installing       : python3-pyxattr-0.5.3-18.el8.x86_64                    3/7 
  Running scriptlet: python3-swift-2.26.0-2.el8.noarch                      4/7 
  Installing       : python3-swift-2.26.0-2.el8.noarch                      4/7 
  Running scriptlet: python3-swift-2.26.0-2.el8.noarch                      4/7 
  Installing       : openstack-swift-account-2.26.0-2.el8.noarch            5/7 
  Running scriptlet: openstack-swift-account-2.26.0-2.el8.noarch            5/7 
  Installing       : openstack-swift-container-2.26.0-2.el8.noarch          6/7 
  Running scriptlet: openstack-swift-container-2.26.0-2.el8.noarch          6/7 
  Installing       : openstack-swift-object-2.26.0-2.el8.noarch             7/7 
  Running scriptlet: openstack-swift-object-2.26.0-2.el8.noarch             7/7 
  Verifying        : python3-pyxattr-0.5.3-18.el8.x86_64                    1/7 
  Verifying        : liberasurecode-1.6.0-4.el8.x86_64                      2/7 
  Verifying        : openstack-swift-account-2.26.0-2.el8.noarch            3/7 
  Verifying        : openstack-swift-container-2.26.0-2.el8.noarch          4/7 
  Verifying        : openstack-swift-object-2.26.0-2.el8.noarch             5/7 
  Verifying        : python3-pyeclib-1.6.0-2.el8.x86_64                     6/7 
  Verifying        : python3-swift-2.26.0-2.el8.noarch                      7/7 

Installed:
  liberasurecode-1.6.0-4.el8.x86_64                                             
  openstack-swift-account-2.26.0-2.el8.noarch                                   
  openstack-swift-container-2.26.0-2.el8.noarch                                 
  openstack-swift-object-2.26.0-2.el8.noarch                                    
  python3-pyeclib-1.6.0-2.el8.x86_64                                            
  python3-pyxattr-0.5.3-18.el8.x86_64                                           
  python3-swift-2.26.0-2.el8.noarch                                             

Complete!
Configuring Disks for swift Object Storage.
meta-data=/dev/sdb               isize=512    agcount=4, agsize=524288 blks
         =                       sectsz=512   attr=2, projid32bit=1
         =                       crc=1        finobt=1, sparse=1, rmapbt=0
         =                       reflink=1
data     =                       bsize=4096   blocks=2097152, imaxpct=25
         =                       sunit=0      swidth=0 blks
naming   =version 2              bsize=4096   ascii-ci=0, ftype=1
log      =internal log           bsize=4096   blocks=2560, version=2
         =                       sectsz=512   sunit=0 blks, lazy-count=1
realtime =none                   extsz=4096   blocks=0, rtextents=0
meta-data=/dev/sdc               isize=512    agcount=4, agsize=524288 blks
         =                       sectsz=512   attr=2, projid32bit=1
         =                       crc=1        finobt=1, sparse=1, rmapbt=0
         =                       reflink=1
data     =                       bsize=4096   blocks=2097152, imaxpct=25
         =                       sunit=0      swidth=0 blks
naming   =version 2              bsize=4096   ascii-ci=0, ftype=1
log      =internal log           bsize=4096   blocks=2560, version=2
         =                       sectsz=512   sunit=0 blks, lazy-count=1
realtime =none                   extsz=4096   blocks=0, rtextents=0
./setup_swift_storage.sh: line 134: unexpected EOF while looking for matching `"'
